2026-09-02 04:50:39,470 28252 WARNING ? odoo.tools.config: missing --http-interface/http_interface, using 0.0.0.0 by default, will change to 127.0.0.1 in 20.0 
2026-09-02 04:50:39,473 28252 INFO ? odoo: Odoo version 19.0 
2026-09-02 04:50:39,473 28252 INFO ? odoo: Using configuration file at c:\users\user\desktop\odoo\odoo.conf 
2026-09-02 04:50:39,474 28252 INFO ? odoo: addons paths: _NamespacePath(['C:\\Users\\USER\\Desktop\\odoo\\odoo\\addons', 'C:\\Users\\USER\\AppData\\Local\\OpenERP S.A.\\Odoo\\addons\\19.0', 'c:\\users\\user\\desktop\\odoo\\addons', 'c:\\users\\user\\desktop\\odoo\\custom', 'c:\\users\\user\\desktop\\odoo\\odoo\\addons']) 
2026-09-02 04:50:39,474 28252 INFO ? odoo: database: panha123@localhost:5432 
2026-09-02 04:50:41,305 28252 INFO ? odoo.service.server: HTTP service (werkzeug) running on LAPTOP-SOTPBCGC:8069 
2026-09-02 04:50:41,370 28252 INFO testing_db odoo.modules.loading: loading 1 modules... 
2026-09-02 04:50:41,375 28252 INFO testing_db odoo.modules.loading: 1 modules loaded in 0.00s, 0 queries (+0 extra) 
2026-09-02 04:50:41,388 28252 INFO testing_db odoo.modules.loading: loading 15 modules... 
2026-09-02 04:50:41,633 28252 INFO testing_db odoo.modules.loading: 15 modules loaded in 0.24s, 0 queries (+0 extra) 
2026-09-02 04:50:41,698 28252 INFO testing_db odoo.tools.version_tag_reset: Detected tp_versions_used at offset 410, reset enabled 
2026-09-02 04:50:41,701 28252 INFO testing_db odoo.modules.loading: Modules loaded. 
2026-09-02 04:50:41,716 28252 INFO testing_db odoo.registry: Registry loaded in 0.408s 
2026-09-02 05:26:11,174 28252 INFO testing_db odoo.addons.base.models.ir_http: Generating routing map for key None 
2026-09-02 05:26:11,206 28252 INFO testing_db werkzeug: 127.0.0.1 - - [02/Sep/2026 05:26:11] "GET /websocket?version=19.0-2 HTTP/1.1" 101 - 6 0.006 0.034
2026-09-02 05:26:11,601 28252 INFO testing_db werkzeug: 127.0.0.1 - - [02/Sep/2026 05:26:11] "POST /bus/has_missed_notifications HTTP/1.1" 200 - 2 0.004 0.067
2026-09-02 05:26:11,612 28252 INFO ? odoo.addons.bus.models.bus: Bus.loop listen imbus on db postgres 
2026-09-02 05:28:41,754 28252 WARNING testing_db odoo.service.server: Thread <Thread(odoo.service.http.request.27016, started 27016)> virtual real time limit (149/120s) reached. 
2026-09-02 05:28:41,756 28252 INFO testing_db odoo.service.server: Dumping stacktrace of limit exceeding threads before reloading 
2026-09-02 05:28:41,764 28252 INFO testing_db odoo.tools.misc: 
# Thread: <Thread(odoo.service.http.request.27016, started 27016)> (db:n/a) (uid:n/a) (url:n/a) (qc:n/a qt:n/a pt:n/a)
File: "C:\Users\USER\AppData\Local\Programs\Python\Python313\Lib\threading.py", line 1015, in _bootstrap
  self._bootstrap_inner()
File: "C:\Users\USER\AppData\Local\Programs\Python\Python313\Lib\threading.py", line 1044, in _bootstrap_inner
  self.run()
File: "C:\Users\USER\AppData\Local\Programs\Python\Python313\Lib\threading.py", line 995, in run
  self._target(*self._args, **self._kwargs)
File: "C:\Users\USER\AppData\Local\Programs\Python\Python313\Lib\socketserver.py", line 697, in process_request_thread
  self.finish_request(request, client_address)
File: "C:\Users\USER\AppData\Local\Programs\Python\Python313\Lib\socketserver.py", line 362, in finish_request
  self.RequestHandlerClass(request, client_address, self)
File: "C:\Users\USER\Desktop\odoo\odoo\service\server.py", line 132, in __init__
  super().__init__(*args, **kwargs)
File: "C:\Users\USER\AppData\Local\Programs\Python\Python313\Lib\socketserver.py", line 766, in __init__
  self.handle()
File: "C:\Users\USER\Desktop\odoo\.venv\Lib\site-packages\werkzeug\serving.py", line 390, in handle
  super().handle()
File: "C:\Users\USER\AppData\Local\Programs\Python\Python313\Lib\http\server.py", line 451, in handle
  self.handle_one_request()
File: "C:\Users\USER\AppData\Local\Programs\Python\Python313\Lib\http\server.py", line 419, in handle_one_request
  self.raw_requestline = self.rfile.readline(65537)
File: "C:\Users\USER\AppData\Local\Programs\Python\Python313\Lib\socket.py", line 723, in readinto
  return self._sock.recv_into(b) 
